-820
696
1220
panic!
4294906129
panic!
4294906129
0
